122.176.238.147 - - [05/Jun/2020:13:37:36 +0000] "GET /index.php HTTP/1.1" 200 1135 "-" "Mozilla/5.0 (Macintosh; Intel Mac OS X 10_15_5) AppleWebKit/537.36 (KHTML, like Gecko) Chrome/81.0.4044.129 Safari/537.36"
47.15.203.62 - - [05/Jun/2020:13:37:36 +0000] "GET /index.php HTTP/1.1" 200 1135 "-" "Mozilla/5.0 (Windows NT 10.0; Win64; x64) AppleWebKit/537.36 (KHTML, like Gecko) Chrome/83.0.4103.61 Safari/537.36"
157.37.110.233 - - [05/Jun/2020:13:37:36 +0000] "GET / HTTP/1.1" 200 1135 "-" "Mozilla/5.0 (Windows NT 10.0; Win64; x64) AppleWebKit/537.36 (KHTML, like Gecko) Chrome/83.0.4103.97 Safari/537.36"
43.251.92.108 - - [05/Jun/2020:13:37:36 +0000] "GET /index.php HTTP/1.1" 200 1135 "-" "Mozilla/5.0 (Linux; Android 9; RMX1801) AppleWebKit/537.36 (KHTML, like Gecko) Chrome/80.0.3987.99 Mobile Safari/537.36"
49.35.219.193 - - [05/Jun/2020:13:37:36 +0000] "GET /index.php HTTP/1.1" 200 1135 "-" "Mozilla/5.0 (Linux; Android 6.0; Lenovo A7020a48) AppleWebKit/537.36 (KHTML, like Gecko) Chrome/74.0.3729.157 Mobile Safari/537.36"
157.47.20.203 - - [05/Jun/2020:13:37:37 +0000] "GET /index.php HTTP/1.1" 200 1135 "-" "Mozilla/5.0 (Windows NT 10.0; Win64; x64) AppleWebKit/537.36 (KHTML, like Gecko) Chrome/83.0.4103.61 Safari/537.36"
137.97.253.86 - - [05/Jun/2020:13:37:37 +0000] "GET /index.php HTTP/1.1" 200 1135 "-" "Mozilla/5.0 (Linux; Android 9; Redmi Note 7 Pro) AppleWebKit/537.36 (KHTML, like Gecko) Chrome/80.0.3987.149 Mobile Safari/537.36"
157.47.20.203 - - [05/Jun/2020:13:37:38 +0000] "GET /index.php HTTP/1.1" 200 1135 "-" "Mozilla/5.0 (Windows NT 10.0; Win64; x64) AppleWebKit/537.36 (KHTML, like Gecko) Chrome/83.0.4103.61 Safari/537.36"
157.47.20.203 - - [05/Jun/2020:13:37:38 +0000] "GET /index.php HTTP/1.1" 200 1135 "-" "Mozilla/5.0 (Windows NT 10.0; Win64; x64) AppleWebKit/537.36 (KHTML, like Gecko) Chrome/83.0.4103.61 Safari/537.36"
43.251.92.108 - - [05/Jun/2020:13:37:38 +0000] "GET /index.php HTTP/1.1" 200 1135 "-" "Mozilla/5.0 (Linux; Android 9; RMX1801) AppleWebKit/537.36 (KHTML, like Gecko) Chrome/80.0.3987.99 Mobile Safari/537.36"
106.207.129.147 - - [05/Jun/2020:13:37:38 +0000] "GET /index.php HTTP/1.1" 200 1135 "-" "Mozilla/5.0 (Windows NT 10.0; Win64; x64) AppleWebKit/537.36 (KHTML, like Gecko) Chrome/83.0.4103.61 Safari/537.36"
157.33.255.51 - - [05/Jun/2020:13:37:38 +0000] "GET /index.php HTTP/1.1" 200 1135 "-" "Mozilla/5.0 (Linux; Android 10; Mi A2) AppleWebKit/537.36 (KHTML, like Gecko) Chrome/80.0.3987.132 Mobile Safari/537.36"
157.47.20.203 - - [05/Jun/2020:13:37:38 +0000] "GET /index.php HTTP/1.1" 200 1135 "-" "Mozilla/5.0 (Windows NT 10.0; Win64; x64) AppleWebKit/537.36 (KHTML, like Gecko) Chrome/83.0.4103.61 Safari/537.36"
1.23.231.152 - - [05/Jun/2020:13:37:39 +0000] "GET / HTTP/1.1" 200 1135 "-" "Mozilla/5.0 (Linux; Android 9; Redmi Y2) AppleWebKit/537.36 (KHTML, like Gecko) Chrome/81.0.4044.138 Mobile Safari/537.36"
49.15.169.203 - - [05/Jun/2020:13:37:39 +0000] "GET /index.php HTTP/1.1" 200 1135 "-" "Mozilla/5.0 (Linux; Android 8.1.0; Redmi 5) AppleWebKit/537.36 (KHTML, like Gecko) Chrome/81.0.4044.138 Mobile Safari/537.36"
157.47.20.203 - - [05/Jun/2020:13:37:39 +0000] "GET /index.php HTTP/1.1" 200 1135 "-" "Mozilla/5.0 (Windows NT 10.0; Win64; x64) AppleWebKit/537.36 (KHTML, like Gecko) Chrome/83.0.4103.61 Safari/537.36"
49.15.169.203 - - [05/Jun/2020:13:37:39 +0000] "GET /favicon.ico HTTP/1.1" 404 196 "http://13.127.169.28/index.php" "Mozilla/5.0 (Linux; Android 8.1.0; Redmi 5) AppleWebKit/537.36 (KHTML, like Gecko) Chrome/81.0.4044.138 Mobile Safari/537.36"
157.47.20.203 - - [05/Jun/2020:13:37:39 +0000] "GET /index.php HTTP/1.1" 200 1135 "-" "Mozilla/5.0 (Windows NT 10.0; Win64; x64) AppleWebKit/537.36 (KHTML, like Gecko) Chrome/83.0.4103.61 Safari/537.36"
157.47.20.203 - - [05/Jun/2020:13:37:40 +0000] "GET /index.php HTTP/1.1" 200 1135 "-" "Mozilla/5.0 (Windows NT 10.0; Win64; x64) AppleWebKit/537.36 (KHTML, like Gecko) Chrome/83.0.4103.61 Safari/537.36"
157.32.233.49 - - [05/Jun/2020:13:37:40 +0000] "GET /index.php HTTP/1.1" 200 1135 "-" "Mozilla/5.0 (Linux; Android 9; SM-M405F) AppleWebKit/537.36 (KHTML, like Gecko) Chrome/81.0.4044.138 Mobile Safari/537.36"
157.47.20.203 - - [05/Jun/2020:13:37:40 +0000] "GET /index.php HTTP/1.1" 200 1135 "-" "Mozilla/5.0 (Windows NT 10.0; Win64; x64) AppleWebKit/537.36 (KHTML, like Gecko) Chrome/83.0.4103.61 Safari/537.36"
106.207.129.147 - - [05/Jun/2020:13:37:40 +0000] "GET /index.php HTTP/1.1" 200 1135 "-" "Mozilla/5.0 (Windows NT 10.0; Win64; x64) AppleWebKit/537.36 (KHTML, like Gecko) Chrome/83.0.4103.61 Safari/537.36"
1.23.231.152 - - [05/Jun/2020:13:37:41 +0000] "GET / HTTP/1.1" 200 1135 "-" "Mozilla/5.0 (Linux; Android 9; Redmi Y2) AppleWebKit/537.36 (KHTML, like Gecko) Chrome/81.0.4044.138 Mobile Safari/537.36"
157.33.255.51 - - [05/Jun/2020:13:37:41 +0000] "GET /index.php HTTP/1.1" 200 1135 "-" "Mozilla/5.0 (Linux; Android 10; Mi A2) AppleWebKit/537.36 (KHTML, like Gecko) Chrome/80.0.3987.132 Mobile Safari/537.36"
106.207.129.147 - - [05/Jun/2020:13:37:41 +0000] "GET /index.php HTTP/1.1" 200 1135 "-" "Mozilla/5.0 (Windows NT 10.0; Win64; x64) AppleWebKit/537.36 (KHTML, like Gecko) Chrome/83.0.4103.61 Safari/537.36"
157.47.20.203 - - [05/Jun/2020:13:37:41 +0000] "GET /index.php HTTP/1.1" 200 1135 "-" "Mozilla/5.0 (Windows NT 10.0; Win64; x64) AppleWebKit/537.36 (KHTML, like Gecko) Chrome/83.0.4103.61 Safari/537.36"
157.47.20.203 - - [05/Jun/2020:13:37:42 +0000] "GET /index.php HTTP/1.1" 200 1135 "-" "Mozilla/5.0 (Windows NT 10.0; Win64; x64) AppleWebKit/537.36 (KHTML, like Gecko) Chrome/83.0.4103.61 Safari/537.36"
43.251.92.108 - - [05/Jun/2020:13:37:42 +0000] "GET /index.php HTTP/1.1" 200 1135 "-" "Mozilla/5.0 (X11; Linux x86_64) AppleWebKit/537.36 (KHTML, like Gecko) Chrome/80.0.3987.99 Safari/537.36"
157.47.20.203 - - [05/Jun/2020:13:37:42 +0000] "GET /index.php HTTP/1.1" 200 1135 "-" "Mozilla/5.0 (Windows NT 10.0; Win64; x64) AppleWebKit/537.36 (KHTML, like Gecko) Chrome/83.0.4103.61 Safari/537.36"
106.207.129.147 - - [05/Jun/2020:13:37:42 +0000] "GET /index.php HTTP/1.1" 200 1135 "-" "Mozilla/5.0 (Windows NT 10.0; Win64; x64) AppleWebKit/537.36 (KHTML, like Gecko) Chrome/83.0.4103.61 Safari/537.36"
157.47.20.203 - - [05/Jun/2020:13:37:42 +0000] "GET /index.php HTTP/1.1" 200 1135 "-" "Mozilla/5.0 (Windows NT 10.0; Win64; x64) AppleWebKit/537.36 (KHTML, like Gecko) Chrome/83.0.4103.61 Safari/537.36"
157.47.20.203 - - [05/Jun/2020:13:37:42 +0000] "GET /index.php HTTP/1.1" 200 1135 "-" "Mozilla/5.0 (Windows NT 10.0; Win64; x64) AppleWebKit/537.36 (KHTML, like Gecko) Chrome/83.0.4103.61 Safari/537.36"
106.207.129.147 - - [05/Jun/2020:13:37:42 +0000] "GET /index.php HTTP/1.1" 200 1135 "-" "Mozilla/5.0 (Windows NT 10.0; Win64; x64) AppleWebKit/537.36 (KHTML, like Gecko) Chrome/83.0.4103.61 Safari/537.36"
157.47.20.203 - - [05/Jun/2020:13:37:43 +0000] "GET /index.php HTTP/1.1" 200 1135 "-" "Mozilla/5.0 (Windows NT 10.0; Win64; x64) AppleWebKit/537.36 (KHTML, like Gecko) Chrome/83.0.4103.61 Safari/537.36"
106.207.129.147 - - [05/Jun/2020:13:37:43 +0000] "GET /index.php HTTP/1.1" 200 1135 "-" "Mozilla/5.0 (Windows NT 10.0; Win64; x64) AppleWebKit/537.36 (KHTML, like Gecko) Chrome/83.0.4103.61 Safari/537.36"
157.47.20.203 - - [05/Jun/2020:13:37:43 +0000] "GET /index.php HTTP/1.1" 200 1135 "-" "Mozilla/5.0 (Windows NT 10.0; Win64; x64) AppleWebKit/537.36 (KHTML, like Gecko) Chrome/83.0.4103.61 Safari/537.36"
157.47.20.203 - - [05/Jun/2020:13:37:43 +0000] "GET /index.php HTTP/1.1" 200 1135 "-" "Mozilla/5.0 (Windows NT 10.0; Win64; x64) AppleWebKit/537.36 (KHTML, like Gecko) Chrome/83.0.4103.61 Safari/537.36"
106.207.129.147 - - [05/Jun/2020:13:37:43 +0000] "GET /index.php HTTP/1.1" 200 1135 "-" "Mozilla/5.0 (Windows NT 10.0; Win64; x64) AppleWebKit/537.36 (KHTML, like Gecko) Chrome/83.0.4103.61 Safari/537.36"
157.47.20.203 - - [05/Jun/2020:13:37:43 +0000] "GET /index.php HTTP/1.1" 200 1135 "-" "Mozilla/5.0 (Windows NT 10.0; Win64; x64) AppleWebKit/537.36 (KHTML, like Gecko) Chrome/83.0.4103.61 Safari/537.36"
106.207.129.147 - - [05/Jun/2020:13:37:43 +0000] "GET /index.php HTTP/1.1" 200 1135 "-" "Mozilla/5.0 (Windows NT 10.0; Win64; x64) AppleWebKit/537.36 (KHTML, like Gecko) Chrome/83.0.4103.61 Safari/537.36"
157.47.20.203 - - [05/Jun/2020:13:37:43 +0000] "GET /index.php HTTP/1.1" 200 1135 "-" "Mozilla/5.0 (Windows NT 10.0; Win64; x64) AppleWebKit/537.36 (KHTML, like Gecko) Chrome/83.0.4103.61 Safari/537.36"
49.15.169.203 - - [05/Jun/2020:13:37:43 +0000] "GET /index.php HTTP/1.1" 200 1135 "-" "Mozilla/5.0 (Linux; Android 8.1.0; Redmi 5) AppleWebKit/537.36 (KHTML, like Gecko) Chrome/81.0.4044.138 Mobile Safari/537.36"
157.47.20.203 - - [05/Jun/2020:13:37:44 +0000] "GET /index.php HTTP/1.1" 200 1135 "-" "Mozilla/5.0 (Windows NT 10.0; Win64; x64) AppleWebKit/537.36 (KHTML, like Gecko) Chrome/83.0.4103.61 Safari/537.36"
106.207.129.147 - - [05/Jun/2020:13:37:44 +0000] "GET /index.php HTTP/1.1" 200 1135 "-" "Mozilla/5.0 (Windows NT 10.0; Win64; x64) AppleWebKit/537.36 (KHTML, like Gecko) Chrome/83.0.4103.61 Safari/537.36"
157.47.20.203 - - [05/Jun/2020:13:37:44 +0000] "GET /index.php HTTP/1.1" 200 1135 "-" "Mozilla/5.0 (Windows NT 10.0; Win64; x64) AppleWebKit/537.36 (KHTML, like Gecko) Chrome/83.0.4103.61 Safari/537.36"
157.47.20.203 - - [05/Jun/2020:13:37:44 +0000] "GET /index.php HTTP/1.1" 200 1135 "-" "Mozilla/5.0 (Windows NT 10.0; Win64; x64) AppleWebKit/537.36 (KHTML, like Gecko) Chrome/83.0.4103.61 Safari/537.36"
157.47.20.203 - - [05/Jun/2020:13:37:44 +0000] "GET /index.php HTTP/1.1" 200 1135 "-" "Mozilla/5.0 (Windows NT 10.0; Win64; x64) AppleWebKit/537.36 (KHTML, like Gecko) Chrome/83.0.4103.61 Safari/537.36"
43.251.92.108 - - [05/Jun/2020:13:37:44 +0000] "GET /index.php HTTP/1.1" 200 1135 "-" "Mozilla/5.0 (Linux; Android 9; RMX1801) AppleWebKit/537.36 (KHTML, like Gecko) Chrome/80.0.3987.99 Mobile Safari/537.36"
157.47.20.203 - - [05/Jun/2020:13:37:44 +0000] "GET /index.php HTTP/1.1" 200 1135 "-" "Mozilla/5.0 (Windows NT 10.0; Win64; x64) AppleWebKit/537.36 (KHTML, like Gecko) Chrome/83.0.4103.61 Safari/537.36"
157.47.20.203 - - [05/Jun/2020:13:37:45 +0000] "GET /index.php HTTP/1.1" 200 1135 "-" "Mozilla/5.0 (Windows NT 10.0; Win64; x64) AppleWebKit/537.36 (KHTML, like Gecko) Chrome/83.0.4103.61 Safari/537.36"
157.47.20.203 - - [05/Jun/2020:13:37:45 +0000] "GET /index.php HTTP/1.1" 200 1135 "-" "Mozilla/5.0 (Windows NT 10.0; Win64; x64) AppleWebKit/537.36 (KHTML, like Gecko) Chrome/83.0.4103.61 Safari/537.36"
157.47.20.203 - - [05/Jun/2020:13:37:45 +0000] "GET /index.php HTTP/1.1" 200 1135 "-" "Mozilla/5.0 (Windows NT 10.0; Win64; x64) AppleWebKit/537.36 (KHTML, like Gecko) Chrome/83.0.4103.61 Safari/537.36"
157.47.20.203 - - [05/Jun/2020:13:37:45 +0000] "GET /index.php HTTP/1.1" 200 1135 "-" "Mozilla/5.0 (Windows NT 10.0; Win64; x64) AppleWebKit/537.36 (KHTML, like Gecko) Chrome/83.0.4103.61 Safari/537.36"
157.47.20.203 - - [05/Jun/2020:13:37:45 +0000] "GET /index.php HTTP/1.1" 200 1135 "-" "Mozilla/5.0 (Windows NT 10.0; Win64; x64) AppleWebKit/537.36 (KHTML, like Gecko) Chrome/83.0.4103.61 Safari/537.36"
157.47.20.203 - - [05/Jun/2020:13:37:46 +0000] "GET /index.php HTTP/1.1" 200 1135 "-" "Mozilla/5.0 (Windows NT 10.0; Win64; x64) AppleWebKit/537.36 (KHTML, like Gecko) Chrome/83.0.4103.61 Safari/537.36"
157.47.20.203 - - [05/Jun/2020:13:37:46 +0000] "GET /index.php HTTP/1.1" 200 1135 "-" "Mozilla/5.0 (Windows NT 10.0; Win64; x64) AppleWebKit/537.36 (KHTML, like Gecko) Chrome/83.0.4103.61 Safari/537.36"
157.47.20.203 - - [05/Jun/2020:13:37:46 +0000] "GET /index.php HTTP/1.1" 200 1135 "-" "Mozilla/5.0 (Windows NT 10.0; Win64; x64) AppleWebKit/537.36 (KHTML, like Gecko) Chrome/83.0.4103.61 Safari/537.36"
157.47.20.203 - - [05/Jun/2020:13:37:46 +0000] "GET /index.php HTTP/1.1" 200 1141 "-" "Mozilla/5.0 (Windows NT 10.0; Win64; x64) AppleWebKit/537.36 (KHTML, like Gecko) Chrome/83.0.4103.61 Safari/537.36"
157.47.20.203 - - [05/Jun/2020:13:37:46 +0000] "GET /index.php HTTP/1.1" 200 1141 "-" "Mozilla/5.0 (Windows NT 10.0; Win64; x64) AppleWebKit/537.36 (KHTML, like Gecko) Chrome/83.0.4103.61 Safari/537.36"
157.47.20.203 - - [05/Jun/2020:13:37:47 +0000] "GET /index.php HTTP/1.1" 200 1141 "-" "Mozilla/5.0 (Windows NT 10.0; Win64; x64) AppleWebKit/537.36 (KHTML, like Gecko) Chrome/83.0.4103.61 Safari/537.36"
157.47.20.203 - - [05/Jun/2020:13:37:47 +0000] "GET /index.php HTTP/1.1" 200 1141 "-" "Mozilla/5.0 (Windows NT 10.0; Win64; x64) AppleWebKit/537.36 (KHTML, like Gecko) Chrome/83.0.4103.61 Safari/537.36"
157.47.20.203 - - [05/Jun/2020:13:37:47 +0000] "GET /index.php HTTP/1.1" 200 1141 "-" "Mozilla/5.0 (Windows NT 10.0; Win64; x64) AppleWebKit/537.36 (KHTML, like Gecko) Chrome/83.0.4103.61 Safari/537.36"
157.47.20.203 - - [05/Jun/2020:13:37:47 +0000] "GET /index.php HTTP/1.1" 200 1141 "-" "Mozilla/5.0 (Windows NT 10.0; Win64; x64) AppleWebKit/537.36 (KHTML, like Gecko) Chrome/83.0.4103.61 Safari/537.36"
157.47.20.203 - - [05/Jun/2020:13:37:47 +0000] "GET /index.php HTTP/1.1" 200 1141 "-" "Mozilla/5.0 (Windows NT 10.0; Win64; x64) AppleWebKit/537.36 (KHTML, like Gecko) Chrome/83.0.4103.61 Safari/537.36"
157.47.20.203 - - [05/Jun/2020:13:37:48 +0000] "GET /index.php HTTP/1.1" 200 1141 "-" "Mozilla/5.0 (Windows NT 10.0; Win64; x64) AppleWebKit/537.36 (KHTML, like Gecko) Chrome/83.0.4103.61 Safari/537.36"
157.47.20.203 - - [05/Jun/2020:13:37:48 +0000] "GET /index.php HTTP/1.1" 200 1141 "-" "Mozilla/5.0 (Windows NT 10.0; Win64; x64) AppleWebKit/537.36 (KHTML, like Gecko) Chrome/83.0.4103.61 Safari/537.36"
157.47.20.203 - - [05/Jun/2020:13:37:48 +0000] "GET /index.php HTTP/1.1" 200 1141 "-" "Mozilla/5.0 (Windows NT 10.0; Win64; x64) AppleWebKit/537.36 (KHTML, like Gecko) Chrome/83.0.4103.61 Safari/537.36"
157.47.20.203 - - [05/Jun/2020:13:37:48 +0000] "GET /index.php HTTP/1.1" 200 1141 "-" "Mozilla/5.0 (Windows NT 10.0; Win64; x64) AppleWebKit/537.36 (KHTML, like Gecko) Chrome/83.0.4103.61 Safari/537.36"
157.47.20.203 - - [05/Jun/2020:13:37:48 +0000] "GET /index.php HTTP/1.1" 200 1141 "-" "Mozilla/5.0 (Windows NT 10.0; Win64; x64) AppleWebKit/537.36 (KHTML, like Gecko) Chrome/83.0.4103.61 Safari/537.36"
157.47.20.203 - - [05/Jun/2020:13:37:49 +0000] "GET /index.php HTTP/1.1" 200 1141 "-" "Mozilla/5.0 (Windows NT 10.0; Win64; x64) AppleWebKit/537.36 (KHTML, like Gecko) Chrome/83.0.4103.61 Safari/537.36"
157.47.20.203 - - [05/Jun/2020:13:37:49 +0000] "GET /index.php HTTP/1.1" 200 1141 "-" "Mozilla/5.0 (Windows NT 10.0; Win64; x64) AppleWebKit/537.36 (KHTML, like Gecko) Chrome/83.0.4103.61 Safari/537.36"
157.47.20.203 - - [05/Jun/2020:13:37:49 +0000] "GET /index.php HTTP/1.1" 200 1141 "-" "Mozilla/5.0 (Windows NT 10.0; Win64; x64) AppleWebKit/537.36 (KHTML, like Gecko) Chrome/83.0.4103.61 Safari/537.36"
157.47.20.203 - - [05/Jun/2020:13:37:49 +0000] "GET /index.php HTTP/1.1" 200 1141 "-" "Mozilla/5.0 (Windows NT 10.0; Win64; x64) AppleWebKit/537.36 (KHTML, like Gecko) Chrome/83.0.4103.61 Safari/537.36"
157.47.20.203 - - [05/Jun/2020:13:37:50 +0000] "GET /index.php HTTP/1.1" 200 1141 "-" "Mozilla/5.0 (Windows NT 10.0; Win64; x64) AppleWebKit/537.36 (KHTML, like Gecko) Chrome/83.0.4103.61 Safari/537.36"
157.47.20.203 - - [05/Jun/2020:13:37:50 +0000] "GET /index.php HTTP/1.1" 200 1141 "-" "Mozilla/5.0 (Windows NT 10.0; Win64; x64) AppleWebKit/537.36 (KHTML, like Gecko) Chrome/83.0.4103.61 Safari/537.36"
157.47.20.203 - - [05/Jun/2020:13:37:50 +0000] "GET /index.php HTTP/1.1" 200 1141 "-" "Mozilla/5.0 (Windows NT 10.0; Win64; x64) AppleWebKit/537.36 (KHTML, like Gecko) Chrome/83.0.4103.61 Safari/537.36"
157.47.20.203 - - [05/Jun/2020:13:37:50 +0000] "GET /index.php HTTP/1.1" 200 1141 "-" "Mozilla/5.0 (Windows NT 10.0; Win64; x64) AppleWebKit/537.36 (KHTML, like Gecko) Chrome/83.0.4103.61 Safari/537.36"
157.47.20.203 - - [05/Jun/2020:13:37:50 +0000] "GET /index.php HTTP/1.1" 200 1141 "-" "Mozilla/5.0 (Windows NT 10.0; Win64; x64) AppleWebKit/537.36 (KHTML, like Gecko) Chrome/83.0.4103.61 Safari/537.36"
157.47.20.203 - - [05/Jun/2020:13:37:51 +0000] "GET /index.php HTTP/1.1" 200 1141 "-" "Mozilla/5.0 (Windows NT 10.0; Win64; x64) AppleWebKit/537.36 (KHTML, like Gecko) Chrome/83.0.4103.61 Safari/537.36"
157.47.20.203 - - [05/Jun/2020:13:37:51 +0000] "GET /index.php HTTP/1.1" 200 1141 "-" "Mozilla/5.0 (Windows NT 10.0; Win64; x64) AppleWebKit/537.36 (KHTML, like Gecko) Chrome/83.0.4103.61 Safari/537.36"
157.47.20.203 - - [05/Jun/2020:13:37:51 +0000] "GET /index.php HTTP/1.1" 200 1141 "-" "Mozilla/5.0 (Windows NT 10.0; Win64; x64) AppleWebKit/537.36 (KHTML, like Gecko) Chrome/83.0.4103.61 Safari/537.36"
157.47.20.203 - - [05/Jun/2020:13:37:51 +0000] "GET /index.php HTTP/1.1" 200 1141 "-" "Mozilla/5.0 (Windows NT 10.0; Win64; x64) AppleWebKit/537.36 (KHTML, like Gecko) Chrome/83.0.4103.61 Safari/537.36"
157.47.20.203 - - [05/Jun/2020:13:37:51 +0000] "GET /index.php HTTP/1.1" 200 1141 "-" "Mozilla/5.0 (Windows NT 10.0; Win64; x64) AppleWebKit/537.36 (KHTML, like Gecko) Chrome/83.0.4103.61 Safari/537.36"
157.47.20.203 - - [05/Jun/2020:13:37:52 +0000] "GET /index.php HTTP/1.1" 200 1141 "-" "Mozilla/5.0 (Windows NT 10.0; Win64; x64) AppleWebKit/537.36 (KHTML, like Gecko) Chrome/83.0.4103.61 Safari/537.36"
157.47.20.203 - - [05/Jun/2020:13:37:52 +0000] "GET /index.php HTTP/1.1" 200 1141 "-" "Mozilla/5.0 (Windows NT 10.0; Win64; x64) AppleWebKit/537.36 (KHTML, like Gecko) Chrome/83.0.4103.61 Safari/537.36"
157.47.20.203 - - [05/Jun/2020:13:37:52 +0000] "GET /index.php HTTP/1.1" 200 1141 "-" "Mozilla/5.0 (Windows NT 10.0; Win64; x64) AppleWebKit/537.36 (KHTML, like Gecko) Chrome/83.0.4103.61 Safari/537.36"
157.43.41.190 - - [05/Jun/2020:13:37:52 +0000] "GET /index.php HTTP/1.1" 200 1141 "-" "Mozilla/5.0 (Linux; Android 10; RMX1825) AppleWebKit/537.36 (KHTML, like Gecko) Chrome/80.0.3987.99 Mobile Safari/537.36"
157.47.20.203 - - [05/Jun/2020:13:37:52 +0000] "GET /index.php HTTP/1.1" 200 1141 "-" "Mozilla/5.0 (Windows NT 10.0; Win64; x64) AppleWebKit/537.36 (KHTML, like Gecko) Chrome/83.0.4103.61 Safari/537.36"
157.47.20.203 - - [05/Jun/2020:13:37:53 +0000] "GET /index.php HTTP/1.1" 200 1141 "-" "Mozilla/5.0 (Windows NT 10.0; Win64; x64) AppleWebKit/537.36 (KHTML, like Gecko) Chrome/83.0.4103.61 Safari/537.36"
157.47.20.203 - - [05/Jun/2020:13:37:53 +0000] "GET /index.php HTTP/1.1" 200 1141 "-" "Mozilla/5.0 (Windows NT 10.0; Win64; x64) AppleWebKit/537.36 (KHTML, like Gecko) Chrome/83.0.4103.61 Safari/537.36"
157.47.20.203 - - [05/Jun/2020:13:37:53 +0000] "GET /index.php HTTP/1.1" 200 1141 "-" "Mozilla/5.0 (Windows NT 10.0; Win64; x64) AppleWebKit/537.36 (KHTML, like Gecko) Chrome/83.0.4103.61 Safari/537.36"
157.47.20.203 - - [05/Jun/2020:13:37:53 +0000] "GET /index.php HTTP/1.1" 200 1141 "-" "Mozilla/5.0 (Windows NT 10.0; Win64; x64) AppleWebKit/537.36 (KHTML, like Gecko) Chrome/83.0.4103.61 Safari/537.36"
157.47.20.203 - - [05/Jun/2020:13:37:53 +0000] "GET /index.php HTTP/1.1" 200 1141 "-" "Mozilla/5.0 (Windows NT 10.0; Win64; x64) AppleWebKit/537.36 (KHTML, like Gecko) Chrome/83.0.4103.61 Safari/537.36"
157.47.20.203 - - [05/Jun/2020:13:37:54 +0000] "GET /index.php HTTP/1.1" 200 1141 "-" "Mozilla/5.0 (Windows NT 10.0; Win64; x64) AppleWebKit/537.36 (KHTML, like Gecko) Chrome/83.0.4103.61 Safari/537.36"
157.47.20.203 - - [05/Jun/2020:13:37:54 +0000] "GET /index.php HTTP/1.1" 200 1141 "-" "Mozilla/5.0 (Windows NT 10.0; Win64; x64) AppleWebKit/537.36 (KHTML, like Gecko) Chrome/83.0.4103.61 Safari/537.36"
157.47.20.203 - - [05/Jun/2020:13:37:54 +0000] "GET /index.php HTTP/1.1" 200 1141 "-" "Mozilla/5.0 (Windows NT 10.0; Win64; x64) AppleWebKit/537.36 (KHTML, like Gecko) Chrome/83.0.4103.61 Safari/537.36"
157.47.20.203 - - [05/Jun/2020:13:37:54 +0000] "GET /index.php HTTP/1.1" 200 1141 "-" "Mozilla/5.0 (Windows NT 10.0; Win64; x64) AppleWebKit/537.36 (KHTML, like Gecko) Chrome/83.0.4103.61 Safari/537.36"
157.47.20.203 - - [05/Jun/2020:13:37:55 +0000] "GET /index.php HTTP/1.1" 200 1141 "-" "Mozilla/5.0 (Windows NT 10.0; Win64; x64) AppleWebKit/537.36 (KHTML, like Gecko) Chrome/83.0.4103.61 Safari/537.36"
157.47.20.203 - - [05/Jun/2020:13:37:55 +0000] "GET /index.php HTTP/1.1" 200 1141 "-" "Mozilla/5.0 (Windows NT 10.0; Win64; x64) AppleWebKit/537.36 (KHTML, like Gecko) Chrome/83.0.4103.61 Safari/537.36"
157.47.20.203 - - [05/Jun/2020:13:37:55 +0000] "GET /index.php HTTP/1.1" 200 1141 "-" "Mozilla/5.0 (Windows NT 10.0; Win64; x64) AppleWebKit/537.36 (KHTML, like Gecko) Chrome/83.0.4103.61 Safari/537.36"
157.47.20.203 - - [05/Jun/2020:13:37:55 +0000] "GET /index.php HTTP/1.1" 200 1141 "-" "Mozilla/5.0 (Windows NT 10.0; Win64; x64) AppleWebKit/537.36 (KHTML, like Gecko) Chrome/83.0.4103.61 Safari/537.36"
157.47.20.203 - - [05/Jun/2020:13:37:55 +0000] "GET /index.php HTTP/1.1" 200 1141 "-" "Mozilla/5.0 (Windows NT 10.0; Win64; x64) AppleWebKit/537.36 (KHTML, like Gecko) Chrome/83.0.4103.61 Safari/537.36"
157.47.20.203 - - [05/Jun/2020:13:37:56 +0000] "GET /index.php HTTP/1.1" 200 1141 "-" "Mozilla/5.0 (Windows NT 10.0; Win64; x64) AppleWebKit/537.36 (KHTML, like Gecko) Chrome/83.0.4103.61 Safari/537.36"
157.47.20.203 - - [05/Jun/2020:13:37:56 +0000] "GET /index.php HTTP/1.1" 200 1141 "-" "Mozilla/5.0 (Windows NT 10.0; Win64; x64) AppleWebKit/537.36 (KHTML, like Gecko) Chrome/83.0.4103.61 Safari/537.36"
157.47.20.203 - - [05/Jun/2020:13:37:56 +0000] "GET /index.php HTTP/1.1" 200 1141 "-" "Mozilla/5.0 (Windows NT 10.0; Win64; x64) AppleWebKit/537.36 (KHTML, like Gecko) Chrome/83.0.4103.61 Safari/537.36"
157.47.20.203 - - [05/Jun/2020:13:37:56 +0000] "GET /index.php HTTP/1.1" 200 1141 "-" "Mozilla/5.0 (Windows NT 10.0; Win64; x64) AppleWebKit/537.36 (KHTML, like Gecko) Chrome/83.0.4103.61 Safari/537.36"
157.47.20.203 - - [05/Jun/2020:13:37:56 +0000] "GET /index.php HTTP/1.1" 200 1141 "-" "Mozilla/5.0 (Windows NT 10.0; Win64; x64) AppleWebKit/537.36 (KHTML, like Gecko) Chrome/83.0.4103.61 Safari/537.36"
157.47.20.203 - - [05/Jun/2020:13:37:57 +0000] "GET /index.php HTTP/1.1" 200 1141 "-" "Mozilla/5.0 (Windows NT 10.0; Win64; x64) AppleWebKit/537.36 (KHTML, like Gecko) Chrome/83.0.4103.61 Safari/537.36"
157.47.20.203 - - [05/Jun/2020:13:37:57 +0000] "GET /index.php HTTP/1.1" 200 1141 "-" "Mozilla/5.0 (Windows NT 10.0; Win64; x64) AppleWebKit/537.36 (KHTML, like Gecko) Chrome/83.0.4103.61 Safari/537.36"
157.47.20.203 - - [05/Jun/2020:13:37:57 +0000] "GET /index.php HTTP/1.1" 200 1141 "-" "Mozilla/5.0 (Windows NT 10.0; Win64; x64) AppleWebKit/537.36 (KHTML, like Gecko) Chrome/83.0.4103.61 Safari/537.36"
157.47.20.203 - - [05/Jun/2020:13:37:57 +0000] "GET /index.php HTTP/1.1" 200 1141 "-" "Mozilla/5.0 (Windows NT 10.0; Win64; x64) AppleWebKit/537.36 (KHTML, like Gecko) Chrome/83.0.4103.61 Safari/537.36"
157.47.20.203 - - [05/Jun/2020:13:37:57 +0000] "GET /index.php HTTP/1.1" 200 1141 "-" "Mozilla/5.0 (Windows NT 10.0; Win64; x64) AppleWebKit/537.36 (KHTML, like Gecko) Chrome/83.0.4103.61 Safari/537.36"
157.47.20.203 - - [05/Jun/2020:13:37:58 +0000] "GET /index.php HTTP/1.1" 200 1141 "-" "Mozilla/5.0 (Windows NT 10.0; Win64; x64) AppleWebKit/537.36 (KHTML, like Gecko) Chrome/83.0.4103.61 Safari/537.36"
157.47.20.203 - - [05/Jun/2020:13:37:58 +0000] "GET /index.php HTTP/1.1" 200 1141 "-" "Mozilla/5.0 (Windows NT 10.0; Win64; x64) AppleWebKit/537.36 (KHTML, like Gecko) Chrome/83.0.4103.61 Safari/537.36"
157.47.20.203 - - [05/Jun/2020:13:37:58 +0000] "GET /index.php HTTP/1.1" 200 1141 "-" "Mozilla/5.0 (Windows NT 10.0; Win64; x64) AppleWebKit/537.36 (KHTML, like Gecko) Chrome/83.0.4103.61 Safari/537.36"
106.215.250.125 - - [05/Jun/2020:13:37:59 +0000] "GET /index.php HTTP/1.1" 206 1141 "-" "WhatsApp/2.20.51 i",
157.32.233.49 - - [05/Jun/2020:13:38:00 +0000] "GET /index.php HTTP/1.1" 200 1141 "-" "Mozilla/5.0 (Linux; Android 9; SM-M405F) AppleWebKit/537.36 (KHTML, like Gecko) Chrome/81.0.4044.138 Mobile Safari/537.36"
171.76.227.169 - - [05/Jun/2020:13:38:00 +0000] "GET /index.php HTTP/1.1" 200 1141 "-" "Mozilla/5.0 (Windows NT 10.0; Win64; x64) AppleWebKit/537.36 (KHTML, like Gecko) Chrome/83.0.4103.97 Safari/537.36"
171.76.227.169 - - [05/Jun/2020:13:38:00 +0000] "GET /favicon.ico HTTP/1.1" 404 196 "http://13.127.169.28/index.php" "Mozilla/5.0 (Windows NT 10.0; Win64; x64) AppleWebKit/537.36 (KHTML, like Gecko) Chrome/83.0.4103.97 Safari/537.36"
117.199.212.206 - - [05/Jun/2020:13:38:04 +0000] "GET /index.php HTTP/1.1" 200 1141 "-" "Mozilla/5.0 (Windows NT 10.0; Win64; x64) AppleWebKit/537.36 (KHTML, like Gecko) Chrome/83.0.4103.97 Safari/537.36"
47.15.222.174 - - [05/Jun/2020:13:38:04 +0000] "GET / HTTP/1.1" 200 1141 "android-app://com.google.android.googlequicksearchbox/" "Mozilla/5.0 (Linux; Android 9; motorola one macro) AppleWebKit/537.36 (KHTML, like Gecko) Chrome/81.0.4044.138 Mobile Safari/537.36"
49.35.219.193 - - [05/Jun/2020:13:38:05 +0000] "GET /index.php HTTP/1.1" 200 1141 "-" "Mozilla/5.0 (Linux; Android 6.0; Lenovo A7020a48) AppleWebKit/537.36 (KHTML, like Gecko) Chrome/74.0.3729.157 Mobile Safari/537.36"
106.215.250.125 - - [05/Jun/2020:13:38:06 +0000] "GET /apple-touch-icon.png HTTP/1.1" 404 196 "-" "Mozilla/5.0 (Macintosh; Intel Mac OS X 10_11_1) AppleWebKit/601.2.4 (KHTML, like Gecko) Version/9.0.1 Safari/601.2.4 facebookexternalhit/1.1 Facebot Twitterbot/1.0"
106.215.250.125 - - [05/Jun/2020:13:38:06 +0000] "GET /favicon.ico HTTP/1.1" 404 196 "-" "Mozilla/5.0 (Macintosh; Intel Mac OS X 10_11_1) AppleWebKit/601.2.4 (KHTML, like Gecko) Version/9.0.1 Safari/601.2.4 facebookexternalhit/1.1 Facebot Twitterbot/1.0"
106.215.250.125 - - [05/Jun/2020:13:38:06 +0000] "GET /apple-touch-icon-precomposed.png HTTP/1.1" 404 196 "-" "Mozilla/5.0 (Macintosh; Intel Mac OS X 10_11_1) AppleWebKit/601.2.4 (KHTML, like Gecko) Version/9.0.1 Safari/601.2.4 facebookexternalhit/1.1 Facebot Twitterbot/1.0"
106.215.187.173 - - [05/Jun/2020:13:38:06 +0000] "GET /apple-touch-icon-precomposed.png HTTP/1.1" 404 196 "-" "Mozilla/5.0 (Macintosh; Intel Mac OS X 10_11_1) AppleWebKit/601.2.4 (KHTML, like Gecko) Version/9.0.1 Safari/601.2.4 facebookexternalhit/1.1 Facebot Twitterbot/1.0"
106.215.187.173 - - [05/Jun/2020:13:38:06 +0000] "GET /apple-touch-icon.png HTTP/1.1" 404 196 "-" "Mozilla/5.0 (Macintosh; Intel Mac OS X 10_11_1) AppleWebKit/601.2.4 (KHTML, like Gecko) Version/9.0.1 Safari/601.2.4 facebookexternalhit/1.1 Facebot Twitterbot/1.0"
106.215.250.125 - - [05/Jun/2020:13:38:06 +0000] "GET /favicon.ico HTTP/1.1" 404 196 "-" "Mozilla/5.0 (Macintosh; Intel Mac OS X 10_11_1) AppleWebKit/601.2.4 (KHTML, like Gecko) Version/9.0.1 Safari/601.2.4 facebookexternalhit/1.1 Facebot Twitterbot/1.0"
82.42.187.170 - - [05/Jun/2020:13:38:07 +0000] "GET /index.php HTTP/1.1" 200 1141 "-" "Mozilla/5.0 (Windows NT 10.0; Win64; x64) AppleWebKit/537.36 (KHTML, like Gecko) Chrome/70.0.3538.102 Safari/537.36 Edge/18.18362"
82.42.187.170 - - [05/Jun/2020:13:38:07 +0000] "GET /favicon.ico HTTP/1.1" 404 196 "-" "Mozilla/5.0 (Windows NT 10.0; Win64; x64) AppleWebKit/537.36 (KHTML, like Gecko) Chrome/70.0.3538.102 Safari/537.36 Edge/18.18362"
171.76.227.169 - - [05/Jun/2020:13:38:09 +0000] "GET /index.php HTTP/1.1" 200 1141 "-" "Mozilla/5.0 (Windows NT 10.0; Win64; x64) AppleWebKit/537.36 (KHTML, like Gecko) Chrome/83.0.4103.97 Safari/537.36"
106.215.187.173 - - [05/Jun/2020:13:38:10 +0000] "GET /index.php HTTP/1.1" 206 1141 "-" "WhatsApp/2.20.51 i",
122.176.238.147 - - [05/Jun/2020:13:38:11 +0000] "GET /index.php HTTP/1.1" 200 1141 "-" "Mozilla/5.0 (Macintosh; Intel Mac OS X 10_15_5) AppleWebKit/537.36 (KHTML, like Gecko) Chrome/81.0.4044.129 Safari/537.36"
150.129.64.135 - - [05/Jun/2020:13:38:11 +0000] "GET / HTTP/1.1" 200 1141 "-" "Mozilla/5.0 (Windows NT 10.0; Win64; x64) AppleWebKit/537.36 (KHTML, like Gecko) Chrome/83.0.4103.61 Safari/537.36"
106.77.19.228 - - [05/Jun/2020:13:38:11 +0000] "GET /index.php HTTP/1.1" 200 1141 "android-app://com.google.android.googlequicksearchbox" "Mozilla/5.0 (Linux; Android 9; ASUS_X00TD) AppleWebKit/537.36 (KHTML, like Gecko) Chrome/80.0.3987.132 Mobile Safari/537.36"
137.97.253.86 - - [05/Jun/2020:13:38:11 +0000] "GET /index.php HTTP/1.1" 200 1141 "-" "Mozilla/5.0 (Linux; Android 9; Redmi Note 7 Pro) AppleWebKit/537.36 (KHTML, like Gecko) Chrome/80.0.3987.149 Mobile Safari/537.36"
171.76.227.169 - - [05/Jun/2020:13:38:11 +0000] "GET /index.php HTTP/1.1" 200 1141 "-" "Mozilla/5.0 (Windows NT 10.0; Win64; x64) AppleWebKit/537.36 (KHTML, like Gecko) Chrome/83.0.4103.97 Safari/537.36"
122.176.238.147 - - [05/Jun/2020:13:38:12 +0000] "GET /index.php HTTP/1.1" 200 1141 "-" "Mozilla/5.0 (Macintosh; Intel Mac OS X 10_15_5) AppleWebKit/537.36 (KHTML, like Gecko) Chrome/81.0.4044.129 Safari/537.36"
150.129.64.135 - - [05/Jun/2020:13:38:12 +0000] "GET / HTTP/1.1" 200 1141 "-" "Mozilla/5.0 (Windows NT 10.0; Win64; x64) AppleWebKit/537.36 (KHTML, like Gecko) Chrome/83.0.4103.61 Safari/537.36"
106.77.19.228 - - [05/Jun/2020:13:38:12 +0000] "GET /favicon.ico HTTP/1.1" 404 196 "http://13.127.169.28/index.php" "Mozilla/5.0 (Linux; Android 9; ASUS_X00TD) AppleWebKit/537.36 (KHTML, like Gecko) Chrome/80.0.3987.132 Mobile Safari/537.36"
150.129.64.135 - - [05/Jun/2020:13:38:12 +0000] "GET / HTTP/1.1" 200 1141 "-" "Mozilla/5.0 (Windows NT 10.0; Win64; x64) AppleWebKit/537.36 (KHTML, like Gecko) Chrome/83.0.4103.61 Safari/537.36"
122.176.238.147 - - [05/Jun/2020:13:38:13 +0000] "GET /index.php HTTP/1.1" 200 1141 "-" "Mozilla/5.0 (Macintosh; Intel Mac OS X 10_15_5) AppleWebKit/537.36 (KHTML, like Gecko) Chrome/81.0.4044.129 Safari/537.36"
27.63.93.165 - - [05/Jun/2020:13:38:13 +0000] "GET / HTTP/1.1" 200 1141 "-" "Mozilla/5.0 (Windows NT 10.0; Win64; x64; rv:77.0) Gecko/20100101 Firefox/77.0",
150.129.64.135 - - [05/Jun/2020:13:38:13 +0000] "GET / HTTP/1.1" 200 1141 "-" "Mozilla/5.0 (Windows NT 10.0; Win64; x64) AppleWebKit/537.36 (KHTML, like Gecko) Chrome/83.0.4103.61 Safari/537.36"
122.176.238.147 - - [05/Jun/2020:13:38:13 +0000] "GET /index.php HTTP/1.1" 200 1141 "-" "Mozilla/5.0 (Macintosh; Intel Mac OS X 10_15_5) AppleWebKit/537.36 (KHTML, like Gecko) Chrome/81.0.4044.129 Safari/537.36"
1.23.231.152 - - [05/Jun/2020:13:38:13 +0000] "GET / HTTP/1.1" 200 1141 "-" "Mozilla/5.0 (Linux; Android 9; Redmi Y2) AppleWebKit/537.36 (KHTML, like Gecko) Chrome/81.0.4044.138 Mobile Safari/537.36"
150.129.64.135 - - [05/Jun/2020:13:38:14 +0000] "GET / HTTP/1.1" 200 1141 "-" "Mozilla/5.0 (Windows NT 10.0; Win64; x64) AppleWebKit/537.36 (KHTML, like Gecko) Chrome/83.0.4103.61 Safari/537.36"
122.176.238.147 - - [05/Jun/2020:13:38:14 +0000] "GET /index.php HTTP/1.1" 200 1141 "-" "Mozilla/5.0 (Macintosh; Intel Mac OS X 10_15_5) AppleWebKit/537.36 (KHTML, like Gecko) Chrome/81.0.4044.129 Safari/537.36"
150.129.64.135 - - [05/Jun/2020:13:38:14 +0000] "GET / HTTP/1.1" 200 1141 "-" "Mozilla/5.0 (Windows NT 10.0; Win64; x64) AppleWebKit/537.36 (KHTML, like Gecko) Chrome/83.0.4103.61 Safari/537.36"
150.129.64.135 - - [05/Jun/2020:13:38:14 +0000] "GET / HTTP/1.1" 200 1141 "-" "Mozilla/5.0 (Windows NT 10.0; Win64; x64) AppleWebKit/537.36 (KHTML, like Gecko) Chrome/83.0.4103.61 Safari/537.36"
150.129.64.135 - - [05/Jun/2020:13:38:14 +0000] "GET / HTTP/1.1" 200 1141 "-" "Mozilla/5.0 (Windows NT 10.0; Win64; x64) AppleWebKit/537.36 (KHTML, like Gecko) Chrome/83.0.4103.61 Safari/537.36"
1.23.231.152 - - [05/Jun/2020:13:38:15 +0000] "GET / HTTP/1.1" 200 1141 "-" "Mozilla/5.0 (Linux; Android 9; Redmi Y2) AppleWebKit/537.36 (KHTML, like Gecko) Chrome/81.0.4044.138 Mobile Safari/537.36"
150.129.64.135 - - [05/Jun/2020:13:38:15 +0000] "GET / HTTP/1.1" 200 1141 "-" "Mozilla/5.0 (Windows NT 10.0; Win64; x64) AppleWebKit/537.36 (KHTML, like Gecko) Chrome/83.0.4103.61 Safari/537.36"
137.97.253.86 - - [05/Jun/2020:13:38:15 +0000] "GET /index.php HTTP/1.1" 200 1141 "-" "Mozilla/5.0 (Linux; Android 9; Redmi Note 7 Pro) AppleWebKit/537.36 (KHTML, like Gecko) Chrome/80.0.3987.149 Mobile Safari/537.36"
47.15.203.62 - - [05/Jun/2020:13:38:15 +0000] "GET /index.php HTTP/1.1" 200 1142 "-" "Mozilla/5.0 (Windows NT 10.0; Win64; x64) AppleWebKit/537.36 (KHTML, like Gecko) Chrome/83.0.4103.61 Safari/537.36"
122.176.238.147 - - [05/Jun/2020:13:38:15 +0000] "GET /index.php HTTP/1.1" 200 1142 "-" "Mozilla/5.0 (Macintosh; Intel Mac OS X 10_15_5) AppleWebKit/537.36 (KHTML, like Gecko) Chrome/81.0.4044.129 Safari/537.36"
150.129.64.135 - - [05/Jun/2020:13:38:15 +0000] "GET / HTTP/1.1" 200 1142 "-" "Mozilla/5.0 (Windows NT 10.0; Win64; x64) AppleWebKit/537.36 (KHTML, like Gecko) Chrome/83.0.4103.61 Safari/537.36"
150.129.64.135 - - [05/Jun/2020:13:38:15 +0000] "GET / HTTP/1.1" 200 1142 "-" "Mozilla/5.0 (Windows NT 10.0; Win64; x64) AppleWebKit/537.36 (KHTML, like Gecko) Chrome/83.0.4103.61 Safari/537.36"
150.129.64.135 - - [05/Jun/2020:13:38:15 +0000] "GET / HTTP/1.1" 200 1142 "-" "Mozilla/5.0 (Windows NT 10.0; Win64; x64) AppleWebKit/537.36 (KHTML, like Gecko) Chrome/83.0.4103.61 Safari/537.36"
47.15.203.62 - - [05/Jun/2020:13:38:16 +0000] "GET /index.php HTTP/1.1" 200 1142 "-" "Mozilla/5.0 (Windows NT 10.0; Win64; x64) AppleWebKit/537.36 (KHTML, like Gecko) Chrome/83.0.4103.61 Safari/537.36"
1.23.231.152 - - [05/Jun/2020:13:38:16 +0000] "GET / HTTP/1.1" 200 1142 "-" "Mozilla/5.0 (Linux; Android 9; Redmi Y2) AppleWebKit/537.36 (KHTML, like Gecko) Chrome/81.0.4044.138 Mobile Safari/537.36"
150.129.64.135 - - [05/Jun/2020:13:38:16 +0000] "GET / HTTP/1.1" 200 1142 "-" "Mozilla/5.0 (Windows NT 10.0; Win64; x64) AppleWebKit/537.36 (KHTML, like Gecko) Chrome/83.0.4103.61 Safari/537.36"
150.129.64.135 - - [05/Jun/2020:13:38:16 +0000] "GET / HTTP/1.1" 200 1142 "-" "Mozilla/5.0 (Windows NT 10.0; Win64; x64) AppleWebKit/537.36 (KHTML, like Gecko) Chrome/83.0.4103.61 Safari/537.36"
137.97.253.86 - - [05/Jun/2020:13:38:16 +0000] "GET /index.php HTTP/1.1" 200 1142 "-" "Mozilla/5.0 (Linux; Android 9; Redmi Note 7 Pro) AppleWebKit/537.36 (KHTML, like Gecko) Chrome/80.0.3987.149 Mobile Safari/537.36"
150.129.64.135 - - [05/Jun/2020:13:38:16 +0000] "GET / HTTP/1.1" 200 1142 "-" "Mozilla/5.0 (Windows NT 10.0; Win64; x64) AppleWebKit/537.36 (KHTML, like Gecko) Chrome/83.0.4103.61 Safari/537.36"
47.15.203.62 - - [05/Jun/2020:13:38:16 +0000] "GET /index.php HTTP/1.1" 200 1142 "-" "Mozilla/5.0 (Windows NT 10.0; Win64; x64) AppleWebKit/537.36 (KHTML, like Gecko) Chrome/83.0.4103.61 Safari/537.36"
150.129.64.135 - - [05/Jun/2020:13:38:16 +0000] "GET / HTTP/1.1" 200 1142 "-" "Mozilla/5.0 (Windows NT 10.0; Win64; x64) AppleWebKit/537.36 (KHTML, like Gecko) Chrome/83.0.4103.61 Safari/537.36"
157.43.41.190 - - [05/Jun/2020:13:38:17 +0000] "GET /index.php HTTP/1.1" 200 1142 "-" "Mozilla/5.0 (Linux; Android 10; RMX1825) AppleWebKit/537.36 (KHTML, like Gecko) Chrome/80.0.3987.99 Mobile Safari/537.36"
150.129.64.135 - - [05/Jun/2020:13:38:17 +0000] "GET / HTTP/1.1" 200 1142 "-" "Mozilla/5.0 (Windows NT 10.0; Win64; x64) AppleWebKit/537.36 (KHTML, like Gecko) Chrome/83.0.4103.61 Safari/537.36"
1.23.231.152 - - [05/Jun/2020:13:38:17 +0000] "GET / HTTP/1.1" 200 1142 "-" "Mozilla/5.0 (Linux; Android 9; Redmi Y2) AppleWebKit/537.36 (KHTML, like Gecko) Chrome/81.0.4044.138 Mobile Safari/537.36"
150.129.64.135 - - [05/Jun/2020:13:38:17 +0000] "GET / HTTP/1.1" 200 1143 "-" "Mozilla/5.0 (Windows NT 10.0; Win64; x64) AppleWebKit/537.36 (KHTML, like Gecko) Chrome/83.0.4103.61 Safari/537.36"
47.15.203.62 - - [05/Jun/2020:13:38:17 +0000] "GET /index.php HTTP/1.1" 200 1143 "-" "Mozilla/5.0 (Windows NT 10.0; Win64; x64) AppleWebKit/537.36 (KHTML, like Gecko) Chrome/83.0.4103.61 Safari/537.36"
150.129.64.135 - - [05/Jun/2020:13:38:17 +0000] "GET / HTTP/1.1" 200 1143 "-" "Mozilla/5.0 (Windows NT 10.0; Win64; x64) AppleWebKit/537.36 (KHTML, like Gecko) Chrome/83.0.4103.61 Safari/537.36"
150.129.64.135 - - [05/Jun/2020:13:38:17 +0000] "GET / HTTP/1.1" 200 1143 "-" "Mozilla/5.0 (Windows NT 10.0; Win64; x64) AppleWebKit/537.36 (KHTML, like Gecko) Chrome/83.0.4103.61 Safari/537.36"
137.97.253.86 - - [05/Jun/2020:13:38:17 +0000] "GET /index.php HTTP/1.1" 200 1143 "-" "Mozilla/5.0 (Linux; Android 9; Redmi Note 7 Pro) AppleWebKit/537.36 (KHTML, like Gecko) Chrome/80.0.3987.149 Mobile Safari/537.36"
47.15.203.62 - - [05/Jun/2020:13:38:17 +0000] "GET /index.php HTTP/1.1" 200 1143 "-" "Mozilla/5.0 (Windows NT 10.0; Win64; x64) AppleWebKit/537.36 (KHTML, like Gecko) Chrome/83.0.4103.61 Safari/537.36"
150.129.64.135 - - [05/Jun/2020:13:38:17 +0000] "GET / HTTP/1.1" 200 1143 "-" "Mozilla/5.0 (Windows NT 10.0; Win64; x64) AppleWebKit/537.36 (KHTML, like Gecko) Chrome/83.0.4103.61 Safari/537.36"
150.129.64.135 - - [05/Jun/2020:13:38:18 +0000] "GET / HTTP/1.1" 200 1143 "-" "Mozilla/5.0 (Windows NT 10.0; Win64; x64) AppleWebKit/537.36 (KHTML, like Gecko) Chrome/83.0.4103.61 Safari/537.36"
47.15.203.62 - - [05/Jun/2020:13:38:18 +0000] "GET /index.php HTTP/1.1" 200 1143 "-" "Mozilla/5.0 (Windows NT 10.0; Win64; x64) AppleWebKit/537.36 (KHTML, like Gecko) Chrome/83.0.4103.61 Safari/537.36"
150.129.64.135 - - [05/Jun/2020:13:38:18 +0000] "GET / HTTP/1.1" 200 1143 "-" "Mozilla/5.0 (Windows NT 10.0; Win64; x64) AppleWebKit/537.36 (KHTML, like Gecko) Chrome/83.0.4103.61 Safari/537.36"
47.15.203.62 - - [05/Jun/2020:13:38:18 +0000] "GET /index.php HTTP/1.1" 200 1143 "-" "Mozilla/5.0 (Windows NT 10.0; Win64; x64) AppleWebKit/537.36 (KHTML, like Gecko) Chrome/83.0.4103.61 Safari/537.36"
150.129.64.135 - - [05/Jun/2020:13:38:18 +0000] "GET / HTTP/1.1" 200 1143 "-" "Mozilla/5.0 (Windows NT 10.0; Win64; x64) AppleWebKit/537.36 (KHTML, like Gecko) Chrome/83.0.4103.61 Safari/537.36"
47.15.203.62 - - [05/Jun/2020:13:38:18 +0000] "GET /index.php HTTP/1.1" 200 1143 "-" "Mozilla/5.0 (Windows NT 10.0; Win64; x64) AppleWebKit/537.36 (KHTML, like Gecko) Chrome/83.0.4103.61 Safari/537.36"
150.129.64.135 - - [05/Jun/2020:13:38:18 +0000] "GET / HTTP/1.1" 200 1143 "-" "Mozilla/5.0 (Windows NT 10.0; Win64; x64) AppleWebKit/537.36 (KHTML, like Gecko) Chrome/83.0.4103.61 Safari/537.36"
47.15.203.62 - - [05/Jun/2020:13:38:18 +0000] "GET /index.php HTTP/1.1" 200 1143 "-" "Mozilla/5.0 (Windows NT 10.0; Win64; x64) AppleWebKit/537.36 (KHTML, like Gecko) Chrome/83.0.4103.61 Safari/537.36"
137.97.253.86 - - [05/Jun/2020:13:38:18 +0000] "GET /index.php HTTP/1.1" 200 1143 "-" "Mozilla/5.0 (Linux; Android 9; Redmi Note 7 Pro) AppleWebKit/537.36 (KHTML, like Gecko) Chrome/80.0.3987.149 Mobile Safari/537.36"
47.15.203.62 - - [05/Jun/2020:13:38:19 +0000] "GET /index.php HTTP/1.1" 200 1143 "-" "Mozilla/5.0 (Windows NT 10.0; Win64; x64) AppleWebKit/537.36 (KHTML, like Gecko) Chrome/83.0.4103.61 Safari/537.36"
47.15.203.62 - - [05/Jun/2020:13:38:19 +0000] "GET /index.php HTTP/1.1" 200 1140 "-" "Mozilla/5.0 (Windows NT 10.0; Win64; x64) AppleWebKit/537.36 (KHTML, like Gecko) Chrome/83.0.4103.61 Safari/537.36"
150.129.64.135 - - [05/Jun/2020:13:38:19 +0000] "GET / HTTP/1.1" 200 1140 "-" "Mozilla/5.0 (Windows NT 10.0; Win64; x64) AppleWebKit/537.36 (KHTML, like Gecko) Chrome/83.0.4103.61 Safari/537.36"
1.23.231.152 - - [05/Jun/2020:13:38:19 +0000] "GET / HTTP/1.1" 200 1140 "-" "Mozilla/5.0 (Linux; Android 9; Redmi Y2) AppleWebKit/537.36 (KHTML, like Gecko) Chrome/81.0.4044.138 Mobile Safari/537.36"
157.43.41.190 - - [05/Jun/2020:13:38:19 +0000] "GET /index.php HTTP/1.1" 200 1140 "-" "Mozilla/5.0 (Linux; Android 10; RMX1825) AppleWebKit/537.36 (KHTML, like Gecko) Chrome/80.0.3987.99 Mobile Safari/537.36"
47.15.203.62 - - [05/Jun/2020:13:38:19 +0000] "GET /index.php HTTP/1.1" 200 1140 "-" "Mozilla/5.0 (Windows NT 10.0; Win64; x64) AppleWebKit/537.36 (KHTML, like Gecko) Chrome/83.0.4103.61 Safari/537.36"
171.76.227.169 - - [05/Jun/2020:13:38:20 +0000] "GET /index.php HTTP/1.1" 200 1140 "-" "Mozilla/5.0 (Windows NT 10.0; Win64; x64) AppleWebKit/537.36 (KHTML, like Gecko) Chrome/83.0.4103.97 Safari/537.36"
47.15.203.62 - - [05/Jun/2020:13:38:20 +0000] "GET /index.php HTTP/1.1" 200 1140 "-" "Mozilla/5.0 (Windows NT 10.0; Win64; x64) AppleWebKit/537.36 (KHTML, like Gecko) Chrome/83.0.4103.61 Safari/537.36"
47.15.203.62 - - [05/Jun/2020:13:38:20 +0000] "GET /index.php HTTP/1.1" 200 1140 "-" "Mozilla/5.0 (Windows NT 10.0; Win64; x64) AppleWebKit/537.36 (KHTML, like Gecko) Chrome/83.0.4103.61 Safari/537.36"
1.23.231.152 - - [05/Jun/2020:13:38:21 +0000] "GET / HTTP/1.1" 200 1140 "-" "Mozilla/5.0 (Linux; Android 9; Redmi Y2) AppleWebKit/537.36 (KHTML, like Gecko) Chrome/81.0.4044.138 Mobile Safari/537.36"
47.15.203.62 - - [05/Jun/2020:13:38:21 +0000] "GET /index.php HTTP/1.1" 200 1140 "-" "Mozilla/5.0 (Windows NT 10.0; Win64; x64) AppleWebKit/537.36 (KHTML, like Gecko) Chrome/83.0.4103.61 Safari/537.36"
157.43.41.190 - - [05/Jun/2020:13:38:21 +0000] "GET /index.php HTTP/1.1" 200 1140 "-" "Mozilla/5.0 (Linux; Android 10; RMX1825) AppleWebKit/537.36 (KHTML, like Gecko) Chrome/80.0.3987.99 Mobile Safari/537.36"
223.189.149.236 - - [05/Jun/2020:13:38:21 +0000] "GET /index.php HTTP/1.1" 200 1140 "-" "Mozilla/5.0 (Windows NT 10.0; Win64; x64) AppleWebKit/537.36 (KHTML, like Gecko) Chrome/83.0.4103.61 Safari/537.36"
47.15.203.62 - - [05/Jun/2020:13:38:21 +0000] "GET /index.php HTTP/1.1" 200 1140 "-" "Mozilla/5.0 (Windows NT 10.0; Win64; x64) AppleWebKit/537.36 (KHTML, like Gecko) Chrome/83.0.4103.61 Safari/537.36"
47.15.203.62 - - [05/Jun/2020:13:38:21 +0000] "GET /index.php HTTP/1.1" 200 1140 "-" "Mozilla/5.0 (Windows NT 10.0; Win64; x64) AppleWebKit/537.36 (KHTML, like Gecko) Chrome/83.0.4103.61 Safari/537.36"
47.15.203.62 - - [05/Jun/2020:13:38:21 +0000] "GET /index.php HTTP/1.1" 200 1140 "-" "Mozilla/5.0 (Windows NT 10.0; Win64; x64) AppleWebKit/537.36 (KHTML, like Gecko) Chrome/83.0.4103.61 Safari/537.36"
171.76.227.169 - - [05/Jun/2020:13:38:21 +0000] "GET /index.php HTTP/1.1" 200 1140 "-" "Mozilla/5.0 (Windows NT 10.0; Win64; x64) AppleWebKit/537.36 (KHTML, like Gecko) Chrome/83.0.4103.97 Safari/537.36"
106.202.89.146 - - [05/Jun/2020:13:38:21 +0000] "-" 408 - "-" "-",
47.15.203.62 - - [05/Jun/2020:13:38:21 +0000] "GET /index.php HTTP/1.1" 200 1140 "-" "Mozilla/5.0 (Windows NT 10.0; Win64; x64) AppleWebKit/537.36 (KHTML, like Gecko) Chrome/83.0.4103.61 Safari/537.36"
47.15.203.62 - - [05/Jun/2020:13:38:22 +0000] "GET /index.php HTTP/1.1" 200 1140 "-" "Mozilla/5.0 (Windows NT 10.0; Win64; x64) AppleWebKit/537.36 (KHTML, like Gecko) Chrome/83.0.4103.61 Safari/537.36"
47.15.203.62 - - [05/Jun/2020:13:38:22 +0000] "GET /index.php HTTP/1.1" 200 1140 "-" "Mozilla/5.0 (Windows NT 10.0; Win64; x64) AppleWebKit/537.36 (KHTML, like Gecko) Chrome/83.0.4103.61 Safari/537.36"
47.15.203.62 - - [05/Jun/2020:13:38:22 +0000] "GET /index.php HTTP/1.1" 200 1140 "-" "Mozilla/5.0 (Windows NT 10.0; Win64; x64) AppleWebKit/537.36 (KHTML, like Gecko) Chrome/83.0.4103.61 Safari/537.36"
1.23.231.152 - - [05/Jun/2020:13:38:22 +0000] "GET / HTTP/1.1" 200 1140 "-" "Mozilla/5.0 (Linux; Android 9; Redmi Y2) AppleWebKit/537.36 (KHTML, like Gecko) Chrome/81.0.4044.138 Mobile Safari/537.36"
157.43.41.190 - - [05/Jun/2020:13:38:22 +0000] "GET /index.php HTTP/1.1" 200 1140 "-" "Mozilla/5.0 (Linux; Android 10; RMX1825) AppleWebKit/537.36 (KHTML, like Gecko) Chrome/80.0.3987.99 Mobile Safari/537.36"
47.15.203.62 - - [05/Jun/2020:13:38:22 +0000] "GET /index.php HTTP/1.1" 200 1140 "-" "Mozilla/5.0 (Windows NT 10.0; Win64; x64) AppleWebKit/537.36 (KHTML, like Gecko) Chrome/83.0.4103.61 Safari/537.36"
171.76.227.169 - - [05/Jun/2020:13:38:22 +0000] "GET /index.php HTTP/1.1" 200 1140 "-" "Mozilla/5.0 (Windows NT 10.0; Win64; x64) AppleWebKit/537.36 (KHTML, like Gecko) Chrome/83.0.4103.97 Safari/537.36"
27.63.177.233 - - [05/Jun/2020:13:38:22 +0000] "-" 408 - "-" "-",
47.15.203.62 - - [05/Jun/2020:13:38:23 +0000] "GET /index.php HTTP/1.1" 200 1140 "-" "Mozilla/5.0 (Windows NT 10.0; Win64; x64) AppleWebKit/537.36 (KHTML, like Gecko) Chrome/83.0.4103.61 Safari/537.36"
47.15.203.62 - - [05/Jun/2020:13:38:23 +0000] "GET /index.php HTTP/1.1" 200 1140 "-" "Mozilla/5.0 (Windows NT 10.0; Win64; x64) AppleWebKit/537.36 (KHTML, like Gecko) Chrome/83.0.4103.61 Safari/537.36"
1.23.231.152 - - [05/Jun/2020:13:38:23 +0000] "GET / HTTP/1.1" 200 1140 "-" "Mozilla/5.0 (Linux; Android 9; Redmi Y2) AppleWebKit/537.36 (KHTML, like Gecko) Chrome/81.0.4044.138 Mobile Safari/537.36"
47.15.203.62 - - [05/Jun/2020:13:38:23 +0000] "GET /index.php HTTP/1.1" 200 1140 "-" "Mozilla/5.0 (Windows NT 10.0; Win64; x64) AppleWebKit/537.36 (KHTML, like Gecko) Chrome/83.0.4103.61 Safari/537.36"
47.15.203.62 - - [05/Jun/2020:13:38:23 +0000] "GET /index.php HTTP/1.1" 200 1140 "-" "Mozilla/5.0 (Windows NT 10.0; Win64; x64) AppleWebKit/537.36 (KHTML, like Gecko) Chrome/83.0.4103.61 Safari/537.36"
47.15.203.62 - - [05/Jun/2020:13:38:23 +0000] "GET /index.php HTTP/1.1" 200 1140 "-" "Mozilla/5.0 (Windows NT 10.0; Win64; x64) AppleWebKit/537.36 (KHTML, like Gecko) Chrome/83.0.4103.61 Safari/537.36"
157.43.41.190 - - [05/Jun/2020:13:38:24 +0000] "GET /index.php HTTP/1.1" 200 1140 "-" "Mozilla/5.0 (Linux; Android 10; RMX1825) AppleWebKit/537.36 (KHTML, like Gecko) Chrome/80.0.3987.99 Mobile Safari/537.36"
47.15.203.62 - - [05/Jun/2020:13:38:24 +0000] "GET /index.php HTTP/1.1" 200 1140 "-" "Mozilla/5.0 (Windows NT 10.0; Win64; x64) AppleWebKit/537.36 (KHTML, like Gecko) Chrome/83.0.4103.61 Safari/537.36"
47.15.203.62 - - [05/Jun/2020:13:38:24 +0000] "GET /index.php HTTP/1.1" 200 1140 "-" "Mozilla/5.0 (Windows NT 10.0; Win64; x64) AppleWebKit/537.36 (KHTML, like Gecko) Chrome/83.0.4103.61 Safari/537.36"
1.23.231.152 - - [05/Jun/2020:13:38:24 +0000] "GET / HTTP/1.1" 200 1140 "-" "Mozilla/5.0 (Linux; Android 9; Redmi Y2) AppleWebKit/537.36 (KHTML, like Gecko) Chrome/81.0.4044.138 Mobile Safari/537.36"
47.15.203.62 - - [05/Jun/2020:13:38:24 +0000] "GET /index.php HTTP/1.1" 200 1140 "-" "Mozilla/5.0 (Windows NT 10.0; Win64; x64) AppleWebKit/537.36 (KHTML, like Gecko) Chrome/83.0.4103.61 Safari/537.36"
171.76.227.169 - - [05/Jun/2020:13:38:24 +0000] "GET /index.php HTTP/1.1" 200 1140 "-" "Mozilla/5.0 (Windows NT 10.0; Win64; x64) AppleWebKit/537.36 (KHTML, like Gecko) Chrome/83.0.4103.97 Safari/537.36"
27.63.93.165 - - [05/Jun/2020:13:38:24 +0000] "GET / HTTP/1.1" 200 1140 "-" "Mozilla/5.0 (Windows NT 10.0; Win64; x64; rv:77.0) Gecko/20100101 Firefox/77.0",
47.15.203.62 - - [05/Jun/2020:13:38:24 +0000] "GET /index.php HTTP/1.1" 200 1140 "-" "Mozilla/5.0 (Windows NT 10.0; Win64; x64) AppleWebKit/537.36 (KHTML, like Gecko) Chrome/83.0.4103.61 Safari/537.36"
47.15.203.62 - - [05/Jun/2020:13:38:25 +0000] "GET /index.php HTTP/1.1" 200 1140 "-" "Mozilla/5.0 (Windows NT 10.0; Win64; x64) AppleWebKit/537.36 (KHTML, like Gecko) Chrome/83.0.4103.61 Safari/537.36"
157.33.255.51 - - [05/Jun/2020:13:38:25 +0000] "GET /index.php HTTP/1.1" 200 1140 "-" "Mozilla/5.0 (Linux; Android 10; Mi A2) AppleWebKit/537.36 (KHTML, like Gecko) Chrome/80.0.3987.132 Mobile Safari/537.36"
47.15.203.62 - - [05/Jun/2020:13:38:25 +0000] "GET /index.php HTTP/1.1" 200 1140 "-" "Mozilla/5.0 (Windows NT 10.0; Win64; x64) AppleWebKit/537.36 (KHTML, like Gecko) Chrome/83.0.4103.61 Safari/537.36"
171.76.227.169 - - [05/Jun/2020:13:38:25 +0000] "GET /index.php HTTP/1.1" 200 1140 "-" "Mozilla/5.0 (Windows NT 10.0; Win64; x64) AppleWebKit/537.36 (KHTML, like Gecko) Chrome/83.0.4103.97 Safari/537.36"
157.43.41.190 - - [05/Jun/2020:13:38:25 +0000] "GET /index.php HTTP/1.1" 200 1140 "-" "Mozilla/5.0 (Linux; Android 10; RMX1825) AppleWebKit/537.36 (KHTML, like Gecko) Chrome/80.0.3987.99 Mobile Safari/537.36"
1.23.231.152 - - [05/Jun/2020:13:38:26 +0000] "GET / HTTP/1.1" 200 1140 "-" "Mozilla/5.0 (Linux; Android 9; Redmi Y2) AppleWebKit/537.36 (KHTML, like Gecko) Chrome/81.0.4044.138 Mobile Safari/537.36"
47.15.203.62 - - [05/Jun/2020:13:38:26 +0000] "GET /index.php HTTP/1.1" 200 1140 "-" "Mozilla/5.0 (Windows NT 10.0; Win64; x64) AppleWebKit/537.36 (KHTML, like Gecko) Chrome/83.0.4103.61 Safari/537.36"
47.15.203.62 - - [05/Jun/2020:13:38:26 +0000] "GET /index.php HTTP/1.1" 200 1140 "-" "Mozilla/5.0 (Windows NT 10.0; Win64; x64) AppleWebKit/537.36 (KHTML, like Gecko) Chrome/83.0.4103.61 Safari/537.36"
157.33.255.51 - - [05/Jun/2020:13:38:26 +0000] "GET /index.php HTTP/1.1" 200 1140 "-" "Mozilla/5.0 (Linux; Android 10; Mi A2) AppleWebKit/537.36 (KHTML, like Gecko) Chrome/80.0.3987.132 Mobile Safari/537.36"
47.15.203.62 - - [05/Jun/2020:13:38:27 +0000] "GET /index.php HTTP/1.1" 200 1140 "-" "Mozilla/5.0 (Windows NT 10.0; Win64; x64) AppleWebKit/537.36 (KHTML, like Gecko) Chrome/83.0.4103.61 Safari/537.36"
157.43.41.190 - - [05/Jun/2020:13:38:27 +0000] "GET /index.php HTTP/1.1" 200 1140 "-" "Mozilla/5.0 (Linux; Android 10; RMX1825) AppleWebKit/537.36 (KHTML, like Gecko) Chrome/80.0.3987.99 Mobile Safari/537.36"
1.23.231.152 - - [05/Jun/2020:13:38:27 +0000] "GET / HTTP/1.1" 200 1140 "-" "Mozilla/5.0 (Linux; Android 9; Redmi Y2) AppleWebKit/537.36 (KHTML, like Gecko) Chrome/81.0.4044.138 Mobile Safari/537.36"
47.15.203.62 - - [05/Jun/2020:13:38:27 +0000] "GET /index.php HTTP/1.1" 200 1140 "-" "Mozilla/5.0 (Windows NT 10.0; Win64; x64) AppleWebKit/537.36 (KHTML, like Gecko) Chrome/83.0.4103.61 Safari/537.36"
171.76.227.169 - - [05/Jun/2020:13:38:27 +0000] "GET /index.php HTTP/1.1" 200 1140 "-" "Mozilla/5.0 (Windows NT 10.0; Win64; x64) AppleWebKit/537.36 (KHTML, like Gecko) Chrome/83.0.4103.97 Safari/537.36"
47.15.203.62 - - [05/Jun/2020:13:38:28 +0000] "GET /index.php HTTP/1.1" 200 1140 "-" "Mozilla/5.0 (Windows NT 10.0; Win64; x64) AppleWebKit/537.36 (KHTML, like Gecko) Chrome/83.0.4103.61 Safari/537.36"
157.33.255.51 - - [05/Jun/2020:13:38:28 +0000] "GET /index.php HTTP/1.1" 200 1140 "-" "Mozilla/5.0 (Linux; Android 10; Mi A2) AppleWebKit/537.36 (KHTML, like Gecko) Chrome/80.0.3987.132 Mobile Safari/537.36"
47.15.203.62 - - [05/Jun/2020:13:38:28 +0000] "GET /index.php HTTP/1.1" 200 1140 "-" "Mozilla/5.0 (Windows NT 10.0; Win64; x64) AppleWebKit/537.36 (KHTML, like Gecko) Chrome/83.0.4103.61 Safari/537.36"
47.15.203.62 - - [05/Jun/2020:13:38:28 +0000] "GET /index.php HTTP/1.1" 200 1140 "-" "Mozilla/5.0 (Windows NT 10.0; Win64; x64) AppleWebKit/537.36 (KHTML, like Gecko) Chrome/83.0.4103.61 Safari/537.36"
